// Jest Snapshot v1, https://goo.gl/fbAQLP

exports[`ImageUploader renders correctly 1`] = `
Object {
  "asFragment": [Function],
  "baseElement": <body>
    <div>
      <div
        class="uploader-container"
      >
        <h1
          class="uploader-header"
        >
           
           
          Image
           
        </h1>
        <form
          class="uploader-form"
        >
          <div
            class="uploader-input"
          >
            <input
              name="image"
              type="file"
            />
            <p
              class="uploader-desc"
            >
              Click here to update or add an image.
            </p>
            <br />
          </div>
          <button
            class="btn hero-btn"
            type="submit"
          >
            Add
          </button>
        </form>
      </div>
    </div>
  </body>,
  "container": <div>
    <div
      class="uploader-container"
    >
      <h1
        class="uploader-header"
      >
         
         
        Image
         
      </h1>
      <form
        class="uploader-form"
      >
        <div
          class="uploader-input"
        >
          <input
            name="image"
            type="file"
          />
          <p
            class="uploader-desc"
          >
            Click here to update or add an image.
          </p>
          <br />
        </div>
        <button
          class="btn hero-btn"
          type="submit"
        >
          Add
        </button>
      </form>
    </div>
  </div>,
  "debug": [Function],
  "findAllByAltText": [Function],
  "findAllByDisplayValue": [Function],
  "findAllByLabelText": [Function],
  "findAllByPlaceholderText": [Function],
  "findAllByRole": [Function],
  "findAllByTestId": [Function],
  "findAllByText": [Function],
  "findAllByTitle": [Function],
  "findByAltText": [Function],
  "findByDisplayValue": [Function],
  "findByLabelText": [Function],
  "findByPlaceholderText": [Function],
  "findByRole": [Function],
  "findByTestId": [Function],
  "findByText": [Function],
  "findByTitle": [Function],
  "getAllByAltText": [Function],
  "getAllByDisplayValue": [Function],
  "getAllByLabelText": [Function],
  "getAllByPlaceholderText": [Function],
  "getAllByRole": [Function],
  "getAllByTestId": [Function],
  "getAllByText": [Function],
  "getAllByTitle": [Function],
  "getByAltText": [Function],
  "getByDisplayValue": [Function],
  "getByLabelText": [Function],
  "getByPlaceholderText": [Function],
  "getByRole": [Function],
  "getByTestId": [Function],
  "getByText": [Function],
  "getByTitle": [Function],
  "queryAllByAltText": [Function],
  "queryAllByDisplayValue": [Function],
  "queryAllByLabelText": [Function],
  "queryAllByPlaceholderText": [Function],
  "queryAllByRole": [Function],
  "queryAllByTestId": [Function],
  "queryAllByText": [Function],
  "queryAllByTitle": [Function],
  "queryByAltText": [Function],
  "queryByDisplayValue": [Function],
  "queryByLabelText": [Function],
  "queryByPlaceholderText": [Function],
  "queryByRole": [Function],
  "queryByTestId": [Function],
  "queryByText": [Function],
  "queryByTitle": [Function],
  "rerender": [Function],
  "unmount": [Function],
}
`;
