// Jest Snapshot v1, https://goo.gl/fbAQLP

exports[`SignUp renders correctly 1`] = `
Object {
  "asFragment": [Function],
  "baseElement": <body>
    <div>
      <div
        class="signup auth"
      >
        <h1
          class="auth-header text-center font-weight-bolder"
        >
          Sign Up
        </h1>
        <form
          class="user-form px-5 py-2 shadow-lg bg-white"
        >
          
          <div
            class="form-group"
          >
            <input
              class="form-control"
              id="firstname"
              placeholder="Enter your first name"
              required=""
              type="text"
            />
          </div>
          <div
            class="form-group"
          >
            <input
              class="form-control"
              id="lastname"
              placeholder="Enter your last name"
              required=""
              type="text"
            />
          </div>
          <div
            class="form-group"
          >
            <input
              class="form-control"
              id="username"
              placeholder="Enter username"
              required=""
              type="text"
            />
          </div>
          <div
            class="form-group"
          >
            <input
              class="form-control"
              id="email"
              placeholder="Enter email"
              required=""
              type="email"
            />
          </div>
          <div
            class="form-group"
          >
            <input
              class="form-control"
              id="password"
              placeholder="Password"
              required=""
              type="password"
            />
          </div>
          <div
            class="form-group"
          >
            <input
              class="form-control"
              id="password_confirmation"
              placeholder="confirm you password"
              required=""
              type="password"
            />
          </div>
          <button
            class="btn hero-btn w-100 mt-2 btn btn-primary"
            type="submit"
          >
            Sign Up
          </button>
          <p
            class="text-center font-weight-bolder auth-text"
          >
            OR
          </p>
          <a
            class="text-center w-100"
            href="/signin"
          >
            <button
              class="hero-btn w-100 mb-3 btn btn-primary"
              type="button"
            >
              Sign In
            </button>
          </a>
        </form>
      </div>
    </div>
  </body>,
  "container": <div>
    <div
      class="signup auth"
    >
      <h1
        class="auth-header text-center font-weight-bolder"
      >
        Sign Up
      </h1>
      <form
        class="user-form px-5 py-2 shadow-lg bg-white"
      >
        
        <div
          class="form-group"
        >
          <input
            class="form-control"
            id="firstname"
            placeholder="Enter your first name"
            required=""
            type="text"
          />
        </div>
        <div
          class="form-group"
        >
          <input
            class="form-control"
            id="lastname"
            placeholder="Enter your last name"
            required=""
            type="text"
          />
        </div>
        <div
          class="form-group"
        >
          <input
            class="form-control"
            id="username"
            placeholder="Enter username"
            required=""
            type="text"
          />
        </div>
        <div
          class="form-group"
        >
          <input
            class="form-control"
            id="email"
            placeholder="Enter email"
            required=""
            type="email"
          />
        </div>
        <div
          class="form-group"
        >
          <input
            class="form-control"
            id="password"
            placeholder="Password"
            required=""
            type="password"
          />
        </div>
        <div
          class="form-group"
        >
          <input
            class="form-control"
            id="password_confirmation"
            placeholder="confirm you password"
            required=""
            type="password"
          />
        </div>
        <button
          class="btn hero-btn w-100 mt-2 btn btn-primary"
          type="submit"
        >
          Sign Up
        </button>
        <p
          class="text-center font-weight-bolder auth-text"
        >
          OR
        </p>
        <a
          class="text-center w-100"
          href="/signin"
        >
          <button
            class="hero-btn w-100 mb-3 btn btn-primary"
            type="button"
          >
            Sign In
          </button>
        </a>
      </form>
    </div>
  </div>,
  "debug": [Function],
  "findAllByAltText": [Function],
  "findAllByDisplayValue": [Function],
  "findAllByLabelText": [Function],
  "findAllByPlaceholderText": [Function],
  "findAllByRole": [Function],
  "findAllByTestId": [Function],
  "findAllByText": [Function],
  "findAllByTitle": [Function],
  "findByAltText": [Function],
  "findByDisplayValue": [Function],
  "findByLabelText": [Function],
  "findByPlaceholderText": [Function],
  "findByRole": [Function],
  "findByTestId": [Function],
  "findByText": [Function],
  "findByTitle": [Function],
  "getAllByAltText": [Function],
  "getAllByDisplayValue": [Function],
  "getAllByLabelText": [Function],
  "getAllByPlaceholderText": [Function],
  "getAllByRole": [Function],
  "getAllByTestId": [Function],
  "getAllByText": [Function],
  "getAllByTitle": [Function],
  "getByAltText": [Function],
  "getByDisplayValue": [Function],
  "getByLabelText": [Function],
  "getByPlaceholderText": [Function],
  "getByRole": [Function],
  "getByTestId": [Function],
  "getByText": [Function],
  "getByTitle": [Function],
  "queryAllByAltText": [Function],
  "queryAllByDisplayValue": [Function],
  "queryAllByLabelText": [Function],
  "queryAllByPlaceholderText": [Function],
  "queryAllByRole": [Function],
  "queryAllByTestId": [Function],
  "queryAllByText": [Function],
  "queryAllByTitle": [Function],
  "queryByAltText": [Function],
  "queryByDisplayValue": [Function],
  "queryByLabelText": [Function],
  "queryByPlaceholderText": [Function],
  "queryByRole": [Function],
  "queryByTestId": [Function],
  "queryByText": [Function],
  "queryByTitle": [Function],
  "rerender": [Function],
  "unmount": [Function],
}
`;
