// Jest Snapshot v1, https://goo.gl/fbAQLP

exports[`SignIn renders correctly 1`] = `
Object {
  "asFragment": [Function],
  "baseElement": <body>
    <div>
      <div
        class="signin auth"
      >
        <div
          class="auth-header-container"
        >
          
          <h1
            class="auth-header py-2 text-center font-weight-bolder"
          >
            Sign In
          </h1>
        </div>
        <form
          class="user-form px-5 py-4 shadow-lg bg-white"
        >
          <div
            class="pb-3 form-group"
          >
            <input
              class="form-control"
              id="username"
              placeholder="Enter Username"
              required=""
              type="username"
            />
          </div>
          <div
            class="pb-3 form-group"
          >
            <input
              class="form-control"
              id="email"
              placeholder="Enter email"
              required=""
              type="email"
            />
          </div>
          <div
            class="pb-5 form-group"
          >
            <input
              class="form-control"
              id="password"
              placeholder="Password"
              required=""
              type="password"
            />
          </div>
          <button
            class="btn hero-btn w-100 btn btn-primary"
            type="submit"
          >
            Sign In
          </button>
          <p
            class="text-center mt-3 font-weight-bolder auth-text"
          >
            OR
          </p>
          <a
            class="my-3 text-center w-100"
            href="/signup"
          >
            <button
              class="btn hero-btn w-100 btn btn-primary"
              type="button"
            >
              Sign Up
            </button>
          </a>
        </form>
      </div>
    </div>
  </body>,
  "container": <div>
    <div
      class="signin auth"
    >
      <div
        class="auth-header-container"
      >
        
        <h1
          class="auth-header py-2 text-center font-weight-bolder"
        >
          Sign In
        </h1>
      </div>
      <form
        class="user-form px-5 py-4 shadow-lg bg-white"
      >
        <div
          class="pb-3 form-group"
        >
          <input
            class="form-control"
            id="username"
            placeholder="Enter Username"
            required=""
            type="username"
          />
        </div>
        <div
          class="pb-3 form-group"
        >
          <input
            class="form-control"
            id="email"
            placeholder="Enter email"
            required=""
            type="email"
          />
        </div>
        <div
          class="pb-5 form-group"
        >
          <input
            class="form-control"
            id="password"
            placeholder="Password"
            required=""
            type="password"
          />
        </div>
        <button
          class="btn hero-btn w-100 btn btn-primary"
          type="submit"
        >
          Sign In
        </button>
        <p
          class="text-center mt-3 font-weight-bolder auth-text"
        >
          OR
        </p>
        <a
          class="my-3 text-center w-100"
          href="/signup"
        >
          <button
            class="btn hero-btn w-100 btn btn-primary"
            type="button"
          >
            Sign Up
          </button>
        </a>
      </form>
    </div>
  </div>,
  "debug": [Function],
  "findAllByAltText": [Function],
  "findAllByDisplayValue": [Function],
  "findAllByLabelText": [Function],
  "findAllByPlaceholderText": [Function],
  "findAllByRole": [Function],
  "findAllByTestId": [Function],
  "findAllByText": [Function],
  "findAllByTitle": [Function],
  "findByAltText": [Function],
  "findByDisplayValue": [Function],
  "findByLabelText": [Function],
  "findByPlaceholderText": [Function],
  "findByRole": [Function],
  "findByTestId": [Function],
  "findByText": [Function],
  "findByTitle": [Function],
  "getAllByAltText": [Function],
  "getAllByDisplayValue": [Function],
  "getAllByLabelText": [Function],
  "getAllByPlaceholderText": [Function],
  "getAllByRole": [Function],
  "getAllByTestId": [Function],
  "getAllByText": [Function],
  "getAllByTitle": [Function],
  "getByAltText": [Function],
  "getByDisplayValue": [Function],
  "getByLabelText": [Function],
  "getByPlaceholderText": [Function],
  "getByRole": [Function],
  "getByTestId": [Function],
  "getByText": [Function],
  "getByTitle": [Function],
  "queryAllByAltText": [Function],
  "queryAllByDisplayValue": [Function],
  "queryAllByLabelText": [Function],
  "queryAllByPlaceholderText": [Function],
  "queryAllByRole": [Function],
  "queryAllByTestId": [Function],
  "queryAllByText": [Function],
  "queryAllByTitle": [Function],
  "queryByAltText": [Function],
  "queryByDisplayValue": [Function],
  "queryByLabelText": [Function],
  "queryByPlaceholderText": [Function],
  "queryByRole": [Function],
  "queryByTestId": [Function],
  "queryByText": [Function],
  "queryByTitle": [Function],
  "rerender": [Function],
  "unmount": [Function],
}
`;
